// Jest Snapshot v1, https://goo.gl/fbAQLP

exports[`AuthorizationScreen snapshot test 1`] = `
<section
  className="login"
>
  <div
    className="login__logo"
  >
    <img
      alt="Угадай мелодию"
      height="83"
      src="img/melody-logo.png"
      width="186"
    />
  </div>
  <h2
    className="login__title"
  >
    Необходима авторизация
  </h2>
  <p
    className="login__text"
  >
    Представьтесь!
  </p>
  <form
    action=""
    className="login__form"
    onSubmit={[Function]}
  >
    <p
      className="login__field"
    >
      <label
        className="login__label"
        htmlFor="name"
      >
        Логин
      </label>
      <input
        className="login__input"
        id="name"
        name="name"
        onChange={[Function]}
        type="text"
        value=""
      />
    </p>
    <p
      className="login__field"
    >
      <label
        className="login__label"
        htmlFor="password"
      >
        Пароль
      </label>
      <input
        className="login__input"
        id="password"
        name="password"
        onChange={[Function]}
        type="text"
        value=""
      />
      <span
        className="login__error"
        style={Object {}}
      >
        Неверный пароль или неверная почта
      </span>
    </p>
    <button
      className="login__button button"
      type="submit"
    >
      Войти
    </button>
  </form>
</section>
`;
