// Jest Snapshot v1, https://goo.gl/fbAQLP

exports[`Snapshot test for AudioPlayer 1`] = `
Array [
  <button
    className="track__button track__button--play"
    disabled={false}
    onClick={[Function]}
    type="button"
  />,
  <div
    className="track__status"
  >
    <div />
  </div>,
]
`;
